error: [autil_string_ref_const] Index out of bounds (6)
