"" split on "" => ""
"A" split on "" => "A"
"A" split on "A" => "" ""
"A" split on "B" => "A"
"AA" split on "A" => "" "" ""
"A A" split on " " => "A" "A"
"ABCBB" split on "B" => "A" "C" "" ""
"ABC" split on "D" => "ABC"
"ABC" split on "FOOBAR" => "ABC"
