error: [autil_bitarr_or] Mismatched array counts (64, 32, 16)
