error: [autil_bitarr_shiftr] Mismatched array counts (64, 32)
