error: [autil_bitarr_shiftl] Mismatched array counts (64, 32)
