error: [autil_bitarr_and] Mismatched array counts (64, 32, 16)
