error: [autil_bitarr_compl] Mismatched array counts (64, 32)
