1
2
3
4
5
6
7
8
9
10
11
12
x=1 y=2
x=3 y=4
x=5 y=6
x=7 y=8
x=9 y=10
1
2
3
4
5
11
12
13
14
15
