test_empty
test_zero_sized_elements
test_mutable
11
12
13
14
15
test_const
1
2
3
4
5
