error: [autil_string_remove] Invalid index,count 0,4
