1: THIS IS A TEST FILE
2: IT CONTAINS THREE LINES OF TEXT
3: THIS IS THE LAST LINE OF TEXT
1: THIS IS A TEST FILE
2: THIS LINE DOES NOT END WITH A NEWLINE
