0000000000000000000000000000000001111111111111110000000000111111100000000000000000000000000111111000000000000000000000000001111000000000000000000000000000000000000000000000000000000000000000000000000000000000000000000000000000000000000000000000000000000000
