error: [autil_bitarr_get] Index out of bounds (4096)
