error: [autil_bitarr_set] Index out of bounds (4096)
