error: SOME ERROR MESSAGE
THIS SHOULD GET PRINTED
