error: [autil_string_ref] Index out of bounds (6)
