"" => ""
"A" => "A"
"A" => "" ""
"AA" => "" "" ""
"A A" => "A" "A"
"ABCBB" => "A" "C" "" ""
"ABC" => "ABC"
"ABC" => "ABC"

"ABCBB" => "A" "C" "" ""
"ABC" => "ABC"
