error: [autil_bitarr_xor] Mismatched array counts (64, 32, 16)
