SIGN: '+', COUNT: 1, LIMBS: [0xFF]
SIGN: '+', COUNT: 1, LIMBS: [0xFF]
SIGN: '+', COUNT: 2, LIMBS: [0xFE, 0x01]
SIGN: '+', COUNT: 2, LIMBS: [0x00, 0xFF]
SIGN: '+', COUNT: 3, LIMBS: [0x00, 0xF0, 0x0F]
SIGN: '-', COUNT: 1, LIMBS: [0x01]
SIGN: '-', COUNT: 1, LIMBS: [0x02]
SIGN: '0', COUNT: 0, LIMBS: []
SIGN: '+', COUNT: 1, LIMBS: [0x01]
SIGN: '+', COUNT: 1, LIMBS: [0x02]
