+123456789123456789        | NULL     | "123456789123456789"
-123456789123456789        | NULL     | "-123456789123456789"

+123456789123456789        | d        | "123456789123456789"
-123456789123456789        | d        | "-123456789123456789"

+123456789123456789        | #d       | "123456789123456789"
-123456789123456789        | #d       | "-123456789123456789"
+123456789123456789        | 0d       | "123456789123456789"
-123456789123456789        | 0d       | "-123456789123456789"
+123456789123456789        |  d       | " 123456789123456789"
-123456789123456789        |  d       | "-123456789123456789"

+123456789123456789        | +d       | "+123456789123456789"
-123456789123456789        | +d       | "-123456789123456789"
+123456789123456789        |  d       | " 123456789123456789"
-123456789123456789        |  d       | "-123456789123456789"

+123456789123456789        | 24d      | "      123456789123456789"
-123456789123456789        | 24d      | "     -123456789123456789"
+123456789123456789        | -24d     | "123456789123456789      "
-123456789123456789        | -24d     | "-123456789123456789     "
+123456789123456789        | 024d     | "000000123456789123456789"
-123456789123456789        | 024d     | "-00000123456789123456789"
+123456789123456789        | 0-24d    | "123456789123456789      "
-123456789123456789        | 0-24d    | "-123456789123456789     "
+123456789123456789        |  24d     | "      123456789123456789"
-123456789123456789        |  24d     | "     -123456789123456789"
+123456789123456789        |  -24d    | " 123456789123456789     "
-123456789123456789        |  -24d    | "-123456789123456789     "

0b111100001100110010101010 | b        | "111100001100110010101010"
0b111100001100110010101010 | #b       | "0b111100001100110010101010"

0o765432107654321076543210 | o        | "765432107654321076543210"
0o765432107654321076543210 | #o       | "0o765432107654321076543210"

0xbeefbeefbeefbeef         | x        | "beefbeefbeefbeef"
0xbeefbeefbeefbeef         | X        | "BEEFBEEFBEEFBEEF"
0xbeefbeefbeefbeef         | #x       | "0xbeefbeefbeefbeef"
0xbeefbeefbeefbeef         | #X       | "0xBEEFBEEFBEEFBEEF"
