error: [autil_bitarr_assign] Mismatched array counts (24, 11)
